// Vitest Snapshot v1

exports[`HeadingText 1`] = `
<div>
  <div
    class="p-3 text-center"
  >
    <div
      style="opacity: 0; transform: translate3d(0,40px,0);"
    >
      <h2
        class="mb-3 text-3xl font-extrabold text-gray-900 dark:text-white md:text-5xl lg:text-6xl"
      >
        <span
          class="bg-gradient-to-r from-sky-400 to-emerald-600 bg-clip-text text-transparent"
        >
          Better Data
        </span>
         
        Scalable AI.
      </h2>
    </div>
    <div
      style="opacity: 0; transform: translate3d(0,40px,0);"
    >
      <p
        class="mb-3 text-lg font-normal text-gray-500 dark:text-gray-400 lg:text-xl"
      >
        Here at OwlWise we focus on markets where technology, innovation, and capital can unlock long-term value and drive economic growth.
      </p>
    </div>
    <div
      style="opacity: 0; transform: translate3d(0,40px,0);"
    >
      <button
        class="group relative mb-2 mr-2 inline-flex items-center justify-center overflow-hidden rounded-lg bg-gradient-to-br from-green-400 to-blue-600 p-0.5 text-sm font-medium text-gray-900 hover:text-white focus:outline-none focus:ring-4 focus:ring-green-200 group-hover:from-green-400 group-hover:to-blue-600 dark:text-white dark:focus:ring-green-800"
      >
        <a
          class="relative rounded-md bg-white px-5 py-2.5 transition-all duration-75 ease-in group-hover:bg-opacity-0 dark:bg-gray-900"
          href="/pricing"
        >
          Check pricing
        </a>
      </button>
    </div>
  </div>
</div>
`;
