// Vitest Snapshot v1

exports[`renders MainCardTitle with props correctly 1`] = `
<div>
  <p
    class="text-lg font-semibold text-slate-800"
  >
    Hello World
  </p>
</div>
`;
