// Vitest Snapshot v1

exports[`HeadingButton > renders a link with href and classes 1`] = `
{
  "asFragment": [Function],
  "baseElement": <body>
    <div>
      <button
        class="group relative mb-2 mr-2 inline-flex items-center justify-center overflow-hidden rounded-lg bg-gradient-to-br from-green-400 to-blue-600 p-0.5 text-sm font-medium text-gray-900 hover:text-white focus:outline-none focus:ring-4 focus:ring-green-200 group-hover:from-green-400 group-hover:to-blue-600 dark:text-white dark:focus:ring-green-800"
      >
        <a
          class="relative rounded-md bg-white px-5 py-2.5 transition-all duration-75 ease-in group-hover:bg-opacity-0 dark:bg-gray-900"
          href="Home"
        >
          Home
        </a>
      </button>
    </div>
  </body>,
  "container": <div>
    <button
      class="group relative mb-2 mr-2 inline-flex items-center justify-center overflow-hidden rounded-lg bg-gradient-to-br from-green-400 to-blue-600 p-0.5 text-sm font-medium text-gray-900 hover:text-white focus:outline-none focus:ring-4 focus:ring-green-200 group-hover:from-green-400 group-hover:to-blue-600 dark:text-white dark:focus:ring-green-800"
    >
      <a
        class="relative rounded-md bg-white px-5 py-2.5 transition-all duration-75 ease-in group-hover:bg-opacity-0 dark:bg-gray-900"
        href="Home"
      >
        Home
      </a>
    </button>
  </div>,
  "debug": [Function],
  "findAllByAltText": [Function],
  "findAllByDisplayValue": [Function],
  "findAllByLabelText": [Function],
  "findAllByPlaceholderText": [Function],
  "findAllByRole": [Function],
  "findAllByTestId": [Function],
  "findAllByText": [Function],
  "findAllByTitle": [Function],
  "findByAltText": [Function],
  "findByDisplayValue": [Function],
  "findByLabelText": [Function],
  "findByPlaceholderText": [Function],
  "findByRole": [Function],
  "findByTestId": [Function],
  "findByText": [Function],
  "findByTitle": [Function],
  "getAllByAltText": [Function],
  "getAllByDisplayValue": [Function],
  "getAllByLabelText": [Function],
  "getAllByPlaceholderText": [Function],
  "getAllByRole": [Function],
  "getAllByTestId": [Function],
  "getAllByText": [Function],
  "getAllByTitle": [Function],
  "getByAltText": [Function],
  "getByDisplayValue": [Function],
  "getByLabelText": [Function],
  "getByPlaceholderText": [Function],
  "getByRole": [Function],
  "getByTestId": [Function],
  "getByText": [Function],
  "getByTitle": [Function],
  "queryAllByAltText": [Function],
  "queryAllByDisplayValue": [Function],
  "queryAllByLabelText": [Function],
  "queryAllByPlaceholderText": [Function],
  "queryAllByRole": [Function],
  "queryAllByTestId": [Function],
  "queryAllByText": [Function],
  "queryAllByTitle": [Function],
  "queryByAltText": [Function],
  "queryByDisplayValue": [Function],
  "queryByLabelText": [Function],
  "queryByPlaceholderText": [Function],
  "queryByRole": [Function],
  "queryByTestId": [Function],
  "queryByText": [Function],
  "queryByTitle": [Function],
  "rerender": [Function],
  "unmount": [Function],
}
`;
