// Vitest Snapshot v1

exports[`ContactForm > renders ContactForm correctly 1`] = `
<div>
  <form
    class="space-y-8"
    data-testid="contact-form"
  >
    <div>
      <label
        class="mb-2 block text-sm font-medium text-gray-900 dark:text-gray-300"
        for="email"
      >
        Your email
      </label>
      <input
        aria-invalid="false"
        class="focus:ring-primary-500 focus:border-primary-500 dark:focus:ring-primary-500 dark:focus:border-primary-500 dark:shadow-sm-light block w-full rounded-lg border border-gray-300 bg-gray-50 p-2.5 text-sm text-gray-900 shadow-sm dark:border-gray-600 dark:bg-gray-700 dark:text-white dark:placeholder-gray-400"
        id="email"
        name="email"
        placeholder="youremail@example.com"
        required=""
        type="email"
      />
    </div>
    <div>
      <label
        class="mb-2 block text-sm font-medium text-gray-900 dark:text-gray-300"
        for="subject"
      >
        Subject
      </label>
      <input
        aria-invalid="false"
        class="focus:ring-primary-500 focus:border-primary-500 dark:focus:ring-primary-500 dark:focus:border-primary-500 dark:shadow-sm-light block w-full rounded-lg border border-gray-300 bg-gray-50 p-2.5 text-sm text-gray-900 shadow-sm dark:border-gray-600 dark:bg-gray-700 dark:text-white dark:placeholder-gray-400"
        id="subject"
        name="subject"
        placeholder="Your subject"
        required=""
        type="text"
      />
    </div>
    <div
      class="sm:col-span-2"
    >
      <label
        class="mb-2 block text-sm font-medium text-gray-900 dark:text-gray-300"
        for="message"
      >
        Your message
      </label>
      <textarea
        aria-invalid="false"
        class="focus:ring-primary-500 focus:border-primary-500 dark:focus:ring-primary-500 dark:focus:border-primary-500 block w-full rounded-lg border border-gray-300 bg-gray-50 p-2.5 text-sm text-gray-900 shadow-sm dark:border-gray-600 dark:bg-gray-700 dark:text-white dark:placeholder-gray-400"
        id="message"
        name="message"
        placeholder="Your message..."
        required=""
      />
    </div>
    <button
      class="group relative mb-2 mr-2 inline-flex items-center justify-center overflow-hidden rounded-lg bg-gradient-to-br from-green-400 to-blue-600 p-0.5 text-sm font-medium text-gray-900 hover:text-white focus:outline-none focus:ring-4 focus:ring-green-200 group-hover:from-green-400 group-hover:to-blue-600 dark:text-white dark:focus:ring-green-800"
      data-testid="heading-button"
      type="submit"
    >
      <a
        class="relative rounded-md bg-white px-5 py-2.5 transition-all duration-75 ease-in group-hover:bg-opacity-0 dark:bg-gray-900"
      >
        Send message
      </a>
    </button>
  </form>
  )
</div>
`;
