// Vitest Snapshot v1

exports[`MainContent > renders MainContent correctly with Heading, Features and Footer 1`] = `
<div>
  <section
    class="divide-y-8 bg-gradient-to-b from-teal-100 via-rose-100 to-gray-500 py-12 text-center"
    data-testid="main-content"
  >
    <div
      class="mx-auto max-w-screen-xl items-center gap-16 py-8 px-4 lg:grid lg:grid-cols-2 lg:py-16 lg:px-6"
    >
      <div
        style="opacity: 0; transform: translate3d(0,-40px,0);"
      >
        <div
          class="font-light text-gray-500 dark:text-gray-400 sm:text-lg"
          data-testid="main-content-text"
        >
          <h3
            class="mb-4 tracking-tight font-extrabold text-gray-900 text-4xl"
          >
            We didn't reinvent the wheel
          </h3>
          <div
            class="font-normal"
          >
            <p
              class="mb-4 text-gray-900 text-xl"
              data-testid="main-content-paragraph"
            >
              We are strategists, designers and developers. Innovators and problem solvers. Small enough to be simple and quick, but big enough to deliver the scope you want at the pace you need. Small enough to be simple and quick, but big enough to deliver the scope you want at the pace you need.
            </p>
            <p
              class="mb-4 text-gray-900 text-xl"
              data-testid="main-content-paragraph"
            >
              We act as an extension of your team, working with you to deliver the best possible product.
            </p>
          </div>
        </div>
      </div>
      <div
        style="opacity: 0; transform: translate3d(0,-40px,0);"
      >
        <div
          class="mt-8 grid grid-cols-2 gap-4"
          data-testid="main-content-images"
        >
          <img
            alt="People in the office"
            src="https://flowbite.s3.amazonaws.com/blocks/marketing-ui/content/office-long-2.png"
          />
          <img
            alt="Office equipment"
            src="https://flowbite.s3.amazonaws.com/blocks/marketing-ui/content/office-long-1.png"
          />
        </div>
      </div>
    </div>
  </section>
</div>
`;
