// Vitest Snapshot v1

exports[`renders TextArea 1`] = `
<div>
  <div
    class="sm:col-span-2"
  >
    <label
      class="mb-2 block text-sm font-medium text-gray-900 dark:text-gray-300"
      for="message"
    >
      Your message
    </label>
    <textarea
      aria-invalid="false"
      class="focus:ring-primary-500 focus:border-primary-500 dark:focus:ring-primary-500 dark:focus:border-primary-500 block w-full rounded-lg border border-gray-300 bg-gray-50 p-2.5 text-sm text-gray-900 shadow-sm dark:border-gray-600 dark:bg-gray-700 dark:text-white dark:placeholder-gray-400"
      id="message"
      name="message"
      placeholder="Your message"
      required=""
      rows="4"
    />
  </div>
</div>
`;
