// Vitest Snapshot v1

exports[`PricingPoint with props 1`] = `
<div>
  <li
    class="flex items-center space-x-3"
  >
    <svg
      class="h-5 w-5 flex-shrink-0 text-green-500 dark:text-green-400"
      fill="currentColor"
      viewBox="0 0 20 20"
      xmlns="http://www.w3.org/2000/svg"
    >
      <path
        clip-rule="evenodd"
        d="M16.707 5.293a1 1 0 010 1.414l-8 8a1 1 0 01-1.414 0l-4-4a1 1 0 011.414-1.414L8 12.586l7.293-7.293a1 1 0 011.414 0z"
        fill-rule="evenodd"
      />
    </svg>
    <span
      class="text-white"
    >
      PricingPoint
    </span>
  </li>
</div>
`;
