// Vitest Snapshot v1

exports[`AllNavLinks 1`] = `
<div>
  <div
    class="block w-full md:block md:w-auto"
    id="navbar-default"
  >
    <ul
      class="mt-4 flex flex-col rounded-lg border border-gray-100 bg-gray-50 p-4 dark:border-gray-700 dark:bg-gray-800 md:mt-0 md:flex-row md:space-x-8 md:border-0 md:bg-white md:text-sm md:font-medium md:dark:bg-gray-900"
    >
      <li>
        <a
          aria-current="page"
          class="block rounded bg-blue-700 py-2 pl-3 pr-4 text-white dark:text-white md:bg-transparent md:p-0 md:text-blue-400"
          href="/"
        >
          Home
        </a>
      </li>
      <li>
        <a
          aria-current="page"
          class="block rounded bg-blue-700 py-2 pl-3 pr-4 text-white dark:text-white md:bg-transparent md:p-0 md:text-blue-400"
          href="/about"
        >
          About
        </a>
      </li>
      <li>
        <a
          aria-current="page"
          class="block rounded bg-blue-700 py-2 pl-3 pr-4 text-white dark:text-white md:bg-transparent md:p-0 md:text-blue-400"
          href="/pricing"
        >
          Pricing
        </a>
      </li>
      <li>
        <a
          aria-current="page"
          class="block rounded bg-blue-700 py-2 pl-3 pr-4 text-white dark:text-white md:bg-transparent md:p-0 md:text-blue-400"
          href="/contact"
        >
          Contact
        </a>
      </li>
    </ul>
  </div>
</div>
`;

exports[`renders AllNavLinks correctly 1`] = `
<div>
  <div
    class="block w-full md:block md:w-auto"
    id="navbar-default"
  >
    <ul
      class="mt-4 flex flex-col rounded-lg border border-gray-100 bg-gray-50 p-4 dark:border-gray-700 dark:bg-gray-800 md:mt-0 md:flex-row md:space-x-8 md:border-0 md:bg-white md:text-sm md:font-medium md:dark:bg-gray-900"
    >
      <li>
        <a
          aria-current="page"
          class="block rounded bg-blue-700 py-2 pl-3 pr-4 text-white dark:text-white md:bg-transparent md:p-0 md:text-blue-400"
          href="/"
        >
          Home
        </a>
      </li>
      <li>
        <a
          aria-current="page"
          class="block rounded bg-blue-700 py-2 pl-3 pr-4 text-white dark:text-white md:bg-transparent md:p-0 md:text-blue-400"
          href="/about"
        >
          About
        </a>
      </li>
      <li>
        <a
          aria-current="page"
          class="block rounded bg-blue-700 py-2 pl-3 pr-4 text-white dark:text-white md:bg-transparent md:p-0 md:text-blue-400"
          href="/pricing"
        >
          Pricing
        </a>
      </li>
      <li>
        <a
          aria-current="page"
          class="block rounded bg-blue-700 py-2 pl-3 pr-4 text-white dark:text-white md:bg-transparent md:p-0 md:text-blue-400"
          href="/contact"
        >
          Contact
        </a>
      </li>
    </ul>
  </div>
</div>
`;
